#! /c/Source/iverilog-install/bin/vvp
:ivl_version "14.0 (devel)";
:ivl_delay_selection "TYPICAL";
:vpi_time_precision - 12;
:vpi_module "C:\iverilog\lib\ivl\system.vpi";
:vpi_module "C:\iverilog\lib\ivl\vhdl_sys.vpi";
:vpi_module "C:\iverilog\lib\ivl\vhdl_textio.vpi";
:vpi_module "C:\iverilog\lib\ivl\v2005_math.vpi";
:vpi_module "C:\iverilog\lib\ivl\va_math.vpi";
S_000001E9F6C4AD40 .scope module, "tb_mac_relu" "tb_mac_relu" 2 3;
 .timescale -9 -12;
v000001E9F6C46330_0 .var/s "acc_in", 15 0;
v000001E9F6C466F0_0 .var/i "errors", 31 0;
v000001E9F6C46AB0_0 .var/s "expected_mac", 15 0;
v000001E9F6C468D0 .array "expected_macs", 99 0, 15 0;
v000001E9F6C46790_0 .var/s "expected_relu", 15 0;
v000001E9F6C45CF0 .array "expected_relus", 99 0, 15 0;
v000001E9F6C45D90_0 .var/i "i", 31 0;
v000001E9F6C45E30_0 .var/s "in_val", 15 0;
v000001E9F6C45C50_0 .net/s "mac_out", 15 0, v000001E9F6C46150_0;  1 drivers
v000001E9F6C45BB0_0 .net/s "relu_out", 15 0, v000001E9F6C46650_0;  1 drivers
v000001E9F6C45ED0 .array "test_acc_ins", 99 0, 15 0;
v000001E9F6C463D0 .array "test_in_vals", 99 0, 15 0;
v000001E9F6C46510 .array "test_weights", 99 0, 15 0;
v000001E9F6CB5D80_0 .var/s "weight", 15 0;
S_000001E9F6C48390 .scope module, "u_mac" "mac_q7_8" 2 28, 3 1 0, S_000001E9F6C4AD40;
 .timescale -9 -12;
    .port_info 0 /INPUT 16 "weight";
    .port_info 1 /INPUT 16 "in_val";
    .port_info 2 /INPUT 16 "acc_in";
    .port_info 3 /OUTPUT 16 "acc_out";
v000001E9F6C46970_0 .net/s *"_ivl_0", 31 0, L_000001E9F6CB5E20;  1 drivers
v000001E9F6C46470_0 .net/s *"_ivl_2", 31 0, L_000001E9F6CB65A0;  1 drivers
v000001E9F6C46830_0 .net/s "acc_in", 15 0, v000001E9F6C46330_0;  1 drivers
v000001E9F6C46150_0 .var/s "acc_out", 15 0;
v000001E9F6C46A10_0 .net/s "in_val", 15 0, v000001E9F6C45E30_0;  1 drivers
v000001E9F6C465B0_0 .net/s "product", 31 0, L_000001E9F6CB56A0;  1 drivers
v000001E9F6C461F0_0 .net/s "weight", 15 0, v000001E9F6CB5D80_0;  1 drivers
E_000001E9F6C4D370 .event anyedge, v000001E9F6C46830_0, v000001E9F6C465B0_0;
L_000001E9F6CB5E20 .extend/s 32, v000001E9F6CB5D80_0;
L_000001E9F6CB65A0 .extend/s 32, v000001E9F6C45E30_0;
L_000001E9F6CB56A0 .arith/mult 32, L_000001E9F6CB5E20, L_000001E9F6CB65A0;
S_000001E9F6C48B50 .scope module, "u_relu" "relu_q4_12" 2 36, 4 1 0, S_000001E9F6C4AD40;
 .timescale -9 -12;
    .port_info 0 /INPUT 16 "in_val";
    .port_info 1 /OUTPUT 16 "out_val";
v000001E9F6C46290_0 .net/s "in_val", 15 0, v000001E9F6C46150_0;  alias, 1 drivers
v000001E9F6C46650_0 .var/s "out_val", 15 0;
E_000001E9F6C4D070 .event anyedge, v000001E9F6C46150_0;
    .scope S_000001E9F6C48390;
T_0 ;
    %wait E_000001E9F6C4D370;
    %load/vec4 v000001E9F6C46830_0;
    %load/vec4 v000001E9F6C465B0_0;
    %parti/s 16, 8, 5;
    %add;
    %store/vec4 v000001E9F6C46150_0, 0, 16;
    %jmp T_0;
    .thread T_0, $push;
    .scope S_000001E9F6C48B50;
T_1 ;
    %wait E_000001E9F6C4D070;
    %load/vec4 v000001E9F6C46290_0;
    %parti/s 1, 15, 5;
    %flag_set/vec4 8;
    %jmp/0 T_1.0, 8;
    %pushi/vec4 0, 0, 16;
    %jmp/1 T_1.1, 8;
T_1.0 ; End of true expr.
    %load/vec4 v000001E9F6C46290_0;
    %jmp/0 T_1.1, 8;
 ; End of false expr.
    %blend;
T_1.1;
    %store/vec4 v000001E9F6C46650_0, 0, 16;
    %jmp T_1;
    .thread T_1, $push;
    .scope S_000001E9F6C4AD40;
T_2 ;
    %pushi/vec4 0, 0, 32;
    %store/vec4 v000001E9F6C466F0_0, 0, 32;
    %end;
    .thread T_2;
    .scope S_000001E9F6C4AD40;
T_3 ;
    %vpi_call 2 43 "$readmemh", "mac_weights.hex", v000001E9F6C46510 {0 0 0};
    %vpi_call 2 44 "$readmemh", "mac_in_vals.hex", v000001E9F6C463D0 {0 0 0};
    %vpi_call 2 45 "$readmemh", "mac_acc_ins.hex", v000001E9F6C45ED0 {0 0 0};
    %vpi_call 2 46 "$readmemh", "mac_expected_mac.hex", v000001E9F6C468D0 {0 0 0};
    %vpi_call 2 47 "$readmemh", "mac_expected_relu.hex", v000001E9F6C45CF0 {0 0 0};
    %vpi_call 2 49 "$display", "----------------------------------------" {0 0 0};
    %vpi_call 2 50 "$display", "Starting MAC+ReLU Self-Checking Test..." {0 0 0};
    %vpi_call 2 51 "$display", "----------------------------------------" {0 0 0};
    %pushi/vec4 0, 0, 32;
    %store/vec4 v000001E9F6C45D90_0, 0, 32;
T_3.0 ; Top of for-loop
    %load/vec4 v000001E9F6C45D90_0;
    %cmpi/s 100, 0, 32;
	  %jmp/0xz T_3.1, 5;
    %ix/getv/s 4, v000001E9F6C45D90_0;
    %load/vec4a v000001E9F6C46510, 4;
    %store/vec4 v000001E9F6CB5D80_0, 0, 16;
    %ix/getv/s 4, v000001E9F6C45D90_0;
    %load/vec4a v000001E9F6C463D0, 4;
    %store/vec4 v000001E9F6C45E30_0, 0, 16;
    %ix/getv/s 4, v000001E9F6C45D90_0;
    %load/vec4a v000001E9F6C45ED0, 4;
    %store/vec4 v000001E9F6C46330_0, 0, 16;
    %ix/getv/s 4, v000001E9F6C45D90_0;
    %load/vec4a v000001E9F6C468D0, 4;
    %store/vec4 v000001E9F6C46AB0_0, 0, 16;
    %ix/getv/s 4, v000001E9F6C45D90_0;
    %load/vec4a v000001E9F6C45CF0, 4;
    %store/vec4 v000001E9F6C46790_0, 0, 16;
    %delay 10000, 0;
    %load/vec4 v000001E9F6C45C50_0;
    %load/vec4 v000001E9F6C46AB0_0;
    %cmp/ne;
    %jmp/1 T_3.5, 6;
    %flag_mov 8, 6;
    %load/vec4 v000001E9F6C45BB0_0;
    %load/vec4 v000001E9F6C46790_0;
    %cmp/ne;
    %flag_or 6, 8;
T_3.5;
    %jmp/0xz  T_3.3, 6;
    %vpi_call 2 63 "$display", "FAIL at vector %0d: W=%h, In=%h, AccIn=%h", v000001E9F6C45D90_0, v000001E9F6CB5D80_0, v000001E9F6C45E30_0, v000001E9F6C46330_0 {0 0 0};
    %vpi_call 2 64 "$display", "  MAC: Expected %h, Got %h", v000001E9F6C46AB0_0, v000001E9F6C45C50_0 {0 0 0};
    %vpi_call 2 65 "$display", "  ReLU: Expected %h, Got %h", v000001E9F6C46790_0, v000001E9F6C45BB0_0 {0 0 0};
    %load/vec4 v000001E9F6C466F0_0;
    %addi 1, 0, 32;
    %store/vec4 v000001E9F6C466F0_0, 0, 32;
T_3.3 ;
T_3.2 ; for-loop step statement
    %load/vec4 v000001E9F6C45D90_0;
    %addi 1, 0, 32;
    %store/vec4 v000001E9F6C45D90_0, 0, 32;
    %jmp T_3.0;
T_3.1 ; for-loop exit label
    %vpi_call 2 70 "$display", "----------------------------------------" {0 0 0};
    %load/vec4 v000001E9F6C466F0_0;
    %cmpi/e 0, 0, 32;
    %jmp/0xz  T_3.6, 4;
    %vpi_call 2 72 "$display", "PASS: All 100 MAC+ReLU tests match Python golden model!" {0 0 0};
    %jmp T_3.7;
T_3.6 ;
    %vpi_call 2 74 "$display", "FAIL: %0d errors found.", v000001E9F6C466F0_0 {0 0 0};
T_3.7 ;
    %vpi_call 2 75 "$display", "----------------------------------------" {0 0 0};
    %vpi_call 2 77 "$finish" {0 0 0};
    %end;
    .thread T_3;
# The file index is used to find the file name in the following table.
:file_names 5;
    "N/A";
    "<interactive>";
    "tb_mac_relu.v";
    "mac_q7_8.v";
    "relu_q4_12.v";
