#! /c/Source/iverilog-install/bin/vvp
:ivl_version "14.0 (devel)";
:ivl_delay_selection "TYPICAL";
:vpi_time_precision - 12;
:vpi_module "C:\iverilog\lib\ivl\system.vpi";
:vpi_module "C:\iverilog\lib\ivl\vhdl_sys.vpi";
:vpi_module "C:\iverilog\lib\ivl\vhdl_textio.vpi";
:vpi_module "C:\iverilog\lib\ivl\v2005_math.vpi";
:vpi_module "C:\iverilog\lib\ivl\va_math.vpi";
S_00000253518FD790 .scope module, "tb_systolic_pe" "tb_systolic_pe" 2 3;
 .timescale -9 -12;
v0000025351913D60_0 .var/s "acc_in", 15 0;
v000002535196E2C0_0 .net/s "acc_out", 15 0, v00000253519139A0_0;  1 drivers
v000002535196F6C0_0 .var "clk", 0 0;
v000002535196EFE0_0 .var/i "errors", 31 0;
v000002535196F300 .array/s "expected_outs", 99 0, 15 0;
v000002535196E7C0_0 .var/i "i", 31 0;
v000002535196E720_0 .var/s "in_val_in", 15 0;
v000002535196FBC0_0 .net/s "in_val_out", 15 0, v0000025351913540_0;  1 drivers
v000002535196FA80_0 .var "load_weight", 0 0;
v000002535196E040_0 .var "rst", 0 0;
v000002535196F9E0 .array/s "test_in_vals", 99 0, 15 0;
v000002535196F4E0 .array/s "test_weights", 99 0, 15 0;
v000002535196F3A0_0 .var/s "weight_in", 15 0;
v000002535196F080_0 .net/s "weight_out", 15 0, v0000025351913C20_0;  1 drivers
E_00000253518FEAB0 .event negedge, v0000025351913860_0;
S_0000025351902C60 .scope module, "u_pe" "systolic_pe" 2 23, 3 3 0, S_00000253518FD790;
 .timescale -9 -12;
    .port_info 0 /INPUT 1 "clk";
    .port_info 1 /INPUT 1 "rst";
    .port_info 2 /INPUT 1 "load_weight";
    .port_info 3 /INPUT 16 "weight_in";
    .port_info 4 /INPUT 16 "in_val_in";
    .port_info 5 /INPUT 16 "acc_in";
    .port_info 6 /OUTPUT 16 "weight_out";
    .port_info 7 /OUTPUT 16 "in_val_out";
    .port_info 8 /OUTPUT 16 "acc_out";
v00000253519141C0_0 .net/s "acc_in", 15 0, v0000025351913D60_0;  1 drivers
v00000253519139A0_0 .var/s "acc_out", 15 0;
v0000025351913860_0 .net "clk", 0 0, v000002535196F6C0_0;  1 drivers
v0000025351913A40_0 .net/s "in_val_in", 15 0, v000002535196E720_0;  1 drivers
v0000025351913540_0 .var/s "in_val_out", 15 0;
v00000253519137C0_0 .net "load_weight", 0 0, v000002535196FA80_0;  1 drivers
v0000025351913B80_0 .net/s "mac_result", 15 0, v0000025351914080_0;  1 drivers
v00000253519135E0_0 .net "rst", 0 0, v000002535196E040_0;  1 drivers
v0000025351913680_0 .var/s "stationary_weight", 15 0;
v0000025351913720_0 .net/s "weight_in", 15 0, v000002535196F3A0_0;  1 drivers
v0000025351913C20_0 .var/s "weight_out", 15 0;
E_00000253518FEB30 .event posedge, v00000253519135E0_0, v0000025351913860_0;
S_00000253518FDD00 .scope module, "core_mac" "mac_q7_8" 3 19, 4 1 0, S_0000025351902C60;
 .timescale -9 -12;
    .port_info 0 /INPUT 16 "weight";
    .port_info 1 /INPUT 16 "in_val";
    .port_info 2 /INPUT 16 "acc_in";
    .port_info 3 /OUTPUT 16 "acc_out";
v0000025351913E00_0 .net/s *"_ivl_0", 31 0, L_000002535196F260;  1 drivers
v0000025351913FE0_0 .net/s *"_ivl_2", 31 0, L_000002535196E220;  1 drivers
v00000253519143A0_0 .net/s "acc_in", 15 0, v0000025351913D60_0;  alias, 1 drivers
v0000025351914080_0 .var/s "acc_out", 15 0;
v00000253519134A0_0 .net/s "in_val", 15 0, v000002535196E720_0;  alias, 1 drivers
v0000025351914300_0 .net/s "product", 31 0, L_000002535196E900;  1 drivers
v0000025351914120_0 .net/s "weight", 15 0, v0000025351913680_0;  1 drivers
E_00000253518D0C20 .event anyedge, v00000253519143A0_0, v0000025351914300_0;
L_000002535196F260 .extend/s 32, v0000025351913680_0;
L_000002535196E220 .extend/s 32, v000002535196E720_0;
L_000002535196E900 .arith/mult 32, L_000002535196F260, L_000002535196E220;
    .scope S_00000253518FDD00;
T_0 ;
    %wait E_00000253518D0C20;
    %load/vec4 v00000253519143A0_0;
    %load/vec4 v0000025351914300_0;
    %parti/s 16, 8, 5;
    %add;
    %store/vec4 v0000025351914080_0, 0, 16;
    %jmp T_0;
    .thread T_0, $push;
    .scope S_0000025351902C60;
T_1 ;
    %wait E_00000253518FEB30;
    %load/vec4 v00000253519135E0_0;
    %flag_set/vec4 8;
    %jmp/0xz  T_1.0, 8;
    %pushi/vec4 0, 0, 16;
    %assign/vec4 v0000025351913680_0, 0;
    %pushi/vec4 0, 0, 16;
    %assign/vec4 v0000025351913C20_0, 0;
    %pushi/vec4 0, 0, 16;
    %assign/vec4 v0000025351913540_0, 0;
    %pushi/vec4 0, 0, 16;
    %assign/vec4 v00000253519139A0_0, 0;
    %jmp T_1.1;
T_1.0 ;
    %load/vec4 v00000253519137C0_0;
    %flag_set/vec4 8;
    %jmp/0xz  T_1.2, 8;
    %load/vec4 v0000025351913720_0;
    %assign/vec4 v0000025351913680_0, 0;
    %load/vec4 v0000025351913720_0;
    %assign/vec4 v0000025351913C20_0, 0;
    %pushi/vec4 0, 0, 16;
    %assign/vec4 v0000025351913540_0, 0;
    %pushi/vec4 0, 0, 16;
    %assign/vec4 v00000253519139A0_0, 0;
    %jmp T_1.3;
T_1.2 ;
    %load/vec4 v0000025351913A40_0;
    %assign/vec4 v0000025351913540_0, 0;
    %load/vec4 v0000025351913B80_0;
    %assign/vec4 v00000253519139A0_0, 0;
T_1.3 ;
T_1.1 ;
    %jmp T_1;
    .thread T_1;
    .scope S_00000253518FD790;
T_2 ;
    %pushi/vec4 0, 0, 32;
    %store/vec4 v000002535196EFE0_0, 0, 32;
    %end;
    .thread T_2;
    .scope S_00000253518FD790;
T_3 ;
    %pushi/vec4 0, 0, 1;
    %store/vec4 v000002535196F6C0_0, 0, 1;
T_3.0 ;
    %delay 5000, 0;
    %load/vec4 v000002535196F6C0_0;
    %inv;
    %store/vec4 v000002535196F6C0_0, 0, 1;
    %jmp T_3.0;
T_3.1 ;
    %end;
    .thread T_3;
    .scope S_00000253518FD790;
T_4 ;
    %vpi_call 2 43 "$dumpfile", "tb_pe.vcd" {0 0 0};
    %vpi_call 2 44 "$dumpvars", 32'sb00000000000000000000000000000000, S_00000253518FD790 {0 0 0};
    %vpi_call 2 47 "$readmemh", "pe_weights.hex", v000002535196F4E0 {0 0 0};
    %vpi_call 2 48 "$readmemh", "pe_in_vals.hex", v000002535196F9E0 {0 0 0};
    %vpi_call 2 49 "$readmemh", "pe_expected_outs.hex", v000002535196F300 {0 0 0};
    %pushi/vec4 1, 0, 1;
    %store/vec4 v000002535196E040_0, 0, 1;
    %pushi/vec4 0, 0, 1;
    %store/vec4 v000002535196FA80_0, 0, 1;
    %pushi/vec4 0, 0, 16;
    %store/vec4 v000002535196F3A0_0, 0, 16;
    %pushi/vec4 0, 0, 16;
    %store/vec4 v000002535196E720_0, 0, 16;
    %pushi/vec4 0, 0, 16;
    %store/vec4 v0000025351913D60_0, 0, 16;
    %vpi_call 2 58 "$display", "----------------------------------------" {0 0 0};
    %vpi_call 2 59 "$display", "Starting Cycle-Accurate PE Test..." {0 0 0};
    %vpi_call 2 60 "$display", "----------------------------------------" {0 0 0};
    %wait E_00000253518FEAB0;
    %pushi/vec4 0, 0, 1;
    %store/vec4 v000002535196E040_0, 0, 1;
    %pushi/vec4 0, 0, 32;
    %store/vec4 v000002535196E7C0_0, 0, 32;
T_4.0 ; Top of for-loop
    %load/vec4 v000002535196E7C0_0;
    %cmpi/s 100, 0, 32;
	  %jmp/0xz T_4.1, 5;
    %load/vec4 v000002535196E7C0_0;
    %pushi/vec4 20, 0, 32;
    %mod/s;
    %cmpi/e 0, 0, 32;
    %jmp/0xz  T_4.3, 4;
    %vpi_call 2 68 "$display", "  ...vector %0d", v000002535196E7C0_0 {0 0 0};
T_4.3 ;
    %wait E_00000253518FEAB0;
    %pushi/vec4 1, 0, 1;
    %store/vec4 v000002535196FA80_0, 0, 1;
    %ix/getv/s 4, v000002535196E7C0_0;
    %load/vec4a v000002535196F4E0, 4;
    %store/vec4 v000002535196F3A0_0, 0, 16;
    %pushi/vec4 57005, 0, 16;
    %store/vec4 v000002535196E720_0, 0, 16;
    %pushi/vec4 48879, 0, 16;
    %store/vec4 v0000025351913D60_0, 0, 16;
    %wait E_00000253518FEAB0;
    %pushi/vec4 0, 0, 1;
    %store/vec4 v000002535196FA80_0, 0, 1;
    %pushi/vec4 0, 0, 16;
    %store/vec4 v000002535196F3A0_0, 0, 16;
    %ix/getv/s 4, v000002535196E7C0_0;
    %load/vec4a v000002535196F9E0, 4;
    %store/vec4 v000002535196E720_0, 0, 16;
    %pushi/vec4 0, 0, 16;
    %store/vec4 v0000025351913D60_0, 0, 16;
    %wait E_00000253518FEAB0;
    %load/vec4 v000002535196E2C0_0;
    %ix/getv/s 4, v000002535196E7C0_0;
    %load/vec4a v000002535196F300, 4;
    %cmp/ne;
    %jmp/0xz  T_4.5, 6;
    %vpi_call 2 87 "$display", "FAIL at vector %0d: W=%h, X=%h", v000002535196E7C0_0, &A<v000002535196F4E0, v000002535196E7C0_0 >, &A<v000002535196F9E0, v000002535196E7C0_0 > {0 0 0};
    %vpi_call 2 88 "$display", "  Expected %h, Got %h", &A<v000002535196F300, v000002535196E7C0_0 >, v000002535196E2C0_0 {0 0 0};
    %load/vec4 v000002535196EFE0_0;
    %addi 1, 0, 32;
    %store/vec4 v000002535196EFE0_0, 0, 32;
T_4.5 ;
T_4.2 ; for-loop step statement
    %load/vec4 v000002535196E7C0_0;
    %addi 1, 0, 32;
    %store/vec4 v000002535196E7C0_0, 0, 32;
    %jmp T_4.0;
T_4.1 ; for-loop exit label
    %vpi_call 2 93 "$display", "----------------------------------------" {0 0 0};
    %load/vec4 v000002535196EFE0_0;
    %cmpi/e 0, 0, 32;
    %jmp/0xz  T_4.7, 4;
    %vpi_call 2 95 "$display", "PASS: PE Timing and Math verified for 100 cycles!" {0 0 0};
    %jmp T_4.8;
T_4.7 ;
    %vpi_call 2 97 "$display", "FAIL: %0d errors found.", v000002535196EFE0_0 {0 0 0};
T_4.8 ;
    %vpi_call 2 98 "$display", "----------------------------------------" {0 0 0};
    %vpi_call 2 100 "$finish" {0 0 0};
    %end;
    .thread T_4;
# The file index is used to find the file name in the following table.
:file_names 5;
    "N/A";
    "<interactive>";
    "tb_systolic_pe.v";
    "systolic_pe.v";
    "mac_q7_8.v";
